2024-06-25 02:06:106 INFO  StartPage :24 - Click on start now: [[ChromeDriver: chrome on windows (50faa0b45858d1b519c362b5788dc6b1)] -> xpath: //a[normalize-space()='Start now']]
2024-06-25 02:06:534 INFO  StartPage :24 - Click on start now: [[ChromeDriver: chrome on windows (fbba411b78df5147fc6909af82b27082)] -> xpath: //a[normalize-space()='Start now']]
2024-06-25 02:06:750 INFO  SelectNationalityPage :28 - Select country: [[ChromeDriver: chrome on windows (fbba411b78df5147fc6909af82b27082)] -> id: response]
2024-06-25 02:06:896 INFO  SelectNationalityPage :34 - Click on continue: [[ChromeDriver: chrome on windows (fbba411b78df5147fc6909af82b27082)] -> xpath: //button[normalize-space()='Continue']]
2024-06-25 02:06:165 INFO  ReasonForTravelPage :29 - Select a reason for visit: [[[ChromeDriver: chrome on windows (fbba411b78df5147fc6909af82b27082)] -> xpath: //div[@class='govuk-radios']//div//label], [[ChromeDriver: chrome on windows (fbba411b78df5147fc6909af82b27082)] -> xpath: //div[@class='govuk-radios']//div//label], [[ChromeDriver: chrome on windows (fbba411b78df5147fc6909af82b27082)] -> xpath: //div[@class='govuk-radios']//div//label], [[ChromeDriver: chrome on windows (fbba411b78df5147fc6909af82b27082)] -> xpath: //div[@class='govuk-radios']//div//label], [[ChromeDriver: chrome on windows (fbba411b78df5147fc6909af82b27082)] -> xpath: //div[@class='govuk-radios']//div//label], [[ChromeDriver: chrome on windows (fbba411b78df5147fc6909af82b27082)] -> xpath: //div[@class='govuk-radios']//div//label], [[ChromeDriver: chrome on windows (fbba411b78df5147fc6909af82b27082)] -> xpath: //div[@class='govuk-radios']//div//label], [[ChromeDriver: chrome on windows (fbba411b78df5147fc6909af82b27082)] -> xpath: //div[@class='govuk-radios']//div//label], [[ChromeDriver: chrome on windows (fbba411b78df5147fc6909af82b27082)] -> xpath: //div[@class='govuk-radios']//div//label]]
2024-06-25 02:06:256 INFO  SelectNationalityPage :34 - Click on continue: [[ChromeDriver: chrome on windows (fbba411b78df5147fc6909af82b27082)] -> xpath: //button[normalize-space()='Continue']]
2024-06-25 02:06:495 INFO  ResultPage :29 - Verify result text displayed: [[ChromeDriver: chrome on windows (fbba411b78df5147fc6909af82b27082)] -> xpath: //h2[@class='gem-c-heading gem-c-heading--font-size-27   govuk-!-margin-bottom-6']]
2024-06-25 02:06:496 INFO  ResultPage :24 - Get result text displayed: [[ChromeDriver: chrome on windows (fbba411b78df5147fc6909af82b27082)] -> xpath: //h2[@class='gem-c-heading gem-c-heading--font-size-27   govuk-!-margin-bottom-6']]
2024-06-25 02:06:626 INFO  StartPage :24 - Click on start now: [[ChromeDriver: chrome on windows (cfa018ae9b08e2ea9826c043a4af473b)] -> xpath: //a[normalize-space()='Start now']]
2024-06-25 02:06:796 INFO  SelectNationalityPage :28 - Select country: [[ChromeDriver: chrome on windows (cfa018ae9b08e2ea9826c043a4af473b)] -> id: response]
2024-06-25 02:06:904 INFO  SelectNationalityPage :34 - Click on continue: [[ChromeDriver: chrome on windows (cfa018ae9b08e2ea9826c043a4af473b)] -> xpath: //button[normalize-space()='Continue']]
2024-06-25 02:06:146 INFO  ReasonForTravelPage :29 - Select a reason for visit: [[[ChromeDriver: chrome on windows (cfa018ae9b08e2ea9826c043a4af473b)] -> xpath: //div[@class='govuk-radios']//div//label], [[ChromeDriver: chrome on windows (cfa018ae9b08e2ea9826c043a4af473b)] -> xpath: //div[@class='govuk-radios']//div//label], [[ChromeDriver: chrome on windows (cfa018ae9b08e2ea9826c043a4af473b)] -> xpath: //div[@class='govuk-radios']//div//label], [[ChromeDriver: chrome on windows (cfa018ae9b08e2ea9826c043a4af473b)] -> xpath: //div[@class='govuk-radios']//div//label], [[ChromeDriver: chrome on windows (cfa018ae9b08e2ea9826c043a4af473b)] -> xpath: //div[@class='govuk-radios']//div//label], [[ChromeDriver: chrome on windows (cfa018ae9b08e2ea9826c043a4af473b)] -> xpath: //div[@class='govuk-radios']//div//label], [[ChromeDriver: chrome on windows (cfa018ae9b08e2ea9826c043a4af473b)] -> xpath: //div[@class='govuk-radios']//div//label], [[ChromeDriver: chrome on windows (cfa018ae9b08e2ea9826c043a4af473b)] -> xpath: //div[@class='govuk-radios']//div//label], [[ChromeDriver: chrome on windows (cfa018ae9b08e2ea9826c043a4af473b)] -> xpath: //div[@class='govuk-radios']//div//label]]
2024-06-25 02:06:227 INFO  SelectNationalityPage :34 - Click on continue: [[ChromeDriver: chrome on windows (cfa018ae9b08e2ea9826c043a4af473b)] -> xpath: //button[normalize-space()='Continue']]
2024-06-25 02:06:457 INFO  DurationOfStayPage :27 - Select Stay Time Length: [[[ChromeDriver: chrome on windows (cfa018ae9b08e2ea9826c043a4af473b)] -> xpath: //div[@class='govuk-radios']//label], [[ChromeDriver: chrome on windows (cfa018ae9b08e2ea9826c043a4af473b)] -> xpath: //div[@class='govuk-radios']//label]]
2024-06-25 02:06:508 INFO  SelectNationalityPage :34 - Click on continue: [[ChromeDriver: chrome on windows (cfa018ae9b08e2ea9826c043a4af473b)] -> xpath: //button[normalize-space()='Continue']]
2024-06-25 02:06:753 INFO  WorkTypePage :30 - Select job type: [[[ChromeDriver: chrome on windows (cfa018ae9b08e2ea9826c043a4af473b)] -> xpath: //div[@class='govuk-radios']//div//label], [[ChromeDriver: chrome on windows (cfa018ae9b08e2ea9826c043a4af473b)] -> xpath: //div[@class='govuk-radios']//div//label], [[ChromeDriver: chrome on windows (cfa018ae9b08e2ea9826c043a4af473b)] -> xpath: //div[@class='govuk-radios']//div//label], [[ChromeDriver: chrome on windows (cfa018ae9b08e2ea9826c043a4af473b)] -> xpath: //div[@class='govuk-radios']//div//label], [[ChromeDriver: chrome on windows (cfa018ae9b08e2ea9826c043a4af473b)] -> xpath: //div[@class='govuk-radios']//div//label], [[ChromeDriver: chrome on windows (cfa018ae9b08e2ea9826c043a4af473b)] -> xpath: //div[@class='govuk-radios']//div//label], [[ChromeDriver: chrome on windows (cfa018ae9b08e2ea9826c043a4af473b)] -> xpath: //div[@class='govuk-radios']//div//label], [[ChromeDriver: chrome on windows (cfa018ae9b08e2ea9826c043a4af473b)] -> xpath: //div[@class='govuk-radios']//div//label]]
2024-06-25 02:06:815 INFO  SelectNationalityPage :34 - Click on continue: [[ChromeDriver: chrome on windows (cfa018ae9b08e2ea9826c043a4af473b)] -> xpath: //button[normalize-space()='Continue']]
2024-06-25 02:06:92 INFO  ResultPage :29 - Verify result text displayed: [[ChromeDriver: chrome on windows (cfa018ae9b08e2ea9826c043a4af473b)] -> xpath: //h2[@class='gem-c-heading gem-c-heading--font-size-27   govuk-!-margin-bottom-6']]
2024-06-25 02:06:92 INFO  ResultPage :24 - Get result text displayed: [[ChromeDriver: chrome on windows (cfa018ae9b08e2ea9826c043a4af473b)] -> xpath: //h2[@class='gem-c-heading gem-c-heading--font-size-27   govuk-!-margin-bottom-6']]
2024-06-25 02:06:80 INFO  StartPage :24 - Click on start now: [[ChromeDriver: chrome on windows (a9877a365db649e388a0eda85ab91700)] -> xpath: //a[normalize-space()='Start now']]
2024-06-25 02:06:254 INFO  SelectNationalityPage :28 - Select country: [[ChromeDriver: chrome on windows (a9877a365db649e388a0eda85ab91700)] -> id: response]
2024-06-25 02:06:362 INFO  SelectNationalityPage :34 - Click on continue: [[ChromeDriver: chrome on windows (a9877a365db649e388a0eda85ab91700)] -> xpath: //button[normalize-space()='Continue']]
2024-06-25 02:06:593 INFO  ReasonForTravelPage :29 - Select a reason for visit: [[[ChromeDriver: chrome on windows (a9877a365db649e388a0eda85ab91700)] -> xpath: //div[@class='govuk-radios']//div//label], [[ChromeDriver: chrome on windows (a9877a365db649e388a0eda85ab91700)] -> xpath: //div[@class='govuk-radios']//div//label], [[ChromeDriver: chrome on windows (a9877a365db649e388a0eda85ab91700)] -> xpath: //div[@class='govuk-radios']//div//label], [[ChromeDriver: chrome on windows (a9877a365db649e388a0eda85ab91700)] -> xpath: //div[@class='govuk-radios']//div//label], [[ChromeDriver: chrome on windows (a9877a365db649e388a0eda85ab91700)] -> xpath: //div[@class='govuk-radios']//div//label], [[ChromeDriver: chrome on windows (a9877a365db649e388a0eda85ab91700)] -> xpath: //div[@class='govuk-radios']//div//label], [[ChromeDriver: chrome on windows (a9877a365db649e388a0eda85ab91700)] -> xpath: //div[@class='govuk-radios']//div//label], [[ChromeDriver: chrome on windows (a9877a365db649e388a0eda85ab91700)] -> xpath: //div[@class='govuk-radios']//div//label], [[ChromeDriver: chrome on windows (a9877a365db649e388a0eda85ab91700)] -> xpath: //div[@class='govuk-radios']//div//label]]
2024-06-25 02:06:696 INFO  SelectNationalityPage :34 - Click on continue: [[ChromeDriver: chrome on windows (a9877a365db649e388a0eda85ab91700)] -> xpath: //button[normalize-space()='Continue']]
2024-06-25 02:06:945 INFO  ResultPage :29 - Verify result text displayed: [[ChromeDriver: chrome on windows (a9877a365db649e388a0eda85ab91700)] -> xpath: //h2[@class='gem-c-heading gem-c-heading--font-size-27   govuk-!-margin-bottom-6']]
2024-06-25 02:06:945 INFO  ResultPage :24 - Get result text displayed: [[ChromeDriver: chrome on windows (a9877a365db649e388a0eda85ab91700)] -> xpath: //h2[@class='gem-c-heading gem-c-heading--font-size-27   govuk-!-margin-bottom-6']]
2024-06-25 02:06:09 INFO  ReasonForTravelPage :29 - Select a reason for visit: []
